// Jest Snapshot v1, https://goo.gl/fbAQLP

exports[`File upload status renders correctly with languages status 1`] = `
<jest>
  <ul
    class="ecl-file-upload__list"
    data-ecl-file-upload-list=""
  >
    
  
    <li
      class="ecl-file-upload__item ecl-u-d-flex ecl-u-flex-row ecl-u-justify-content-end ecl-u-mt-none"
    >
      
    
      <div
        class="ecl-u-flex-grow-1 ecl-u-pr-m"
      >
        
      
        <span
          class="ecl-file-upload__item-name"
        >
          File_3.jpg
        </span>
        
      
        <span
          class="ecl-file-upload__item-meta"
        >
          (58.6 kB - jpg)
        </span>
        
    
      </div>
      
    
      <div
        class="ecl-u-align-self-center"
      >
        
      
        <div
          class="ecl-u-d-flex ecl-u-align-self-center"
        >
          
        
          <span
            class="ecl-u-type-color-grey-75"
          >
            Uploading...
          </span>
          
        
          <div
            class="ecl-spinner ecl-spinner--primary ecl-spinner--small ecl-spinner--visible"
          >
            <svg
              class="ecl-spinner__loader"
              viewBox="25 25 50 50"
            >
              <circle
                class="ecl-spinner__circle"
                cx="50"
                cy="50"
                fill="none"
                r="20"
                stroke-miterlimit="10"
                stroke-width="4px"
                vector-effect="non-scaling-stroke"
              />
            </svg>
          </div>
                
        </div>
        
    
      </div>
      
  
    </li>
    
  
    <li
      class="ecl-file-upload__item ecl-u-d-flex ecl-u-flex-row ecl-u-justify-content-end ecl-u-mt-none"
    >
      
    
      <div
        class="ecl-u-flex-grow-1 ecl-u-pr-m"
      >
        
      
        <span
          class="ecl-file-upload__item-name ecl-u-type-color-error"
        >
          File_2.pdf
        </span>
        
      
        <span
          class="ecl-file-upload__item-meta"
        >
          (65 kB - pdf)
        </span>
        
      
        <span
          class="ecl-file-upload__item-meta ecl-u-type-color-error"
        >
          Error text
        </span>
        
    
      </div>
      
    
      <div
        class="ecl-u-align-self-center"
      >
        
      
        <a
          aria-label="Delete"
          class="ecl-link ecl-link--standalone ecl-link--icon ecl-link--icon-after"
          href="#"
        >
          <span
            class="ecl-link__label"
          >
            Delete
          </span>
          <svg
            aria-hidden="true"
            class="ecl-icon ecl-icon--xs ecl-link__icon"
            focusable="false"
          >
            <use
              xlink:href="#trash"
            />
          </svg>
        </a>
            
      </div>
      
  
    </li>
    
  
    <li
      class="ecl-file-upload__item ecl-u-d-flex ecl-u-flex-row ecl-u-justify-content-end ecl-u-mt-none"
    >
      
    
      <div
        class="ecl-u-flex-grow-1 ecl-u-pr-m"
      >
        
      
        <span
          class="ecl-file-upload__item-name"
        >
          File_1.docx
        </span>
        
      
        <span
          class="ecl-file-upload__item-meta"
        >
          (44.7 kB - docx)
        </span>
        
    
      </div>
      
    
      <div
        class="ecl-u-align-self-center"
      >
        
      
        <a
          aria-label="Delete"
          class="ecl-link ecl-link--standalone ecl-link--icon ecl-link--icon-after"
          href="#"
        >
          <span
            class="ecl-link__label"
          >
            Delete
          </span>
          <svg
            aria-hidden="true"
            class="ecl-icon ecl-icon--xs ecl-link__icon"
            focusable="false"
          >
            <use
              xlink:href="#trash"
            />
          </svg>
        </a>
            
      </div>
      
  
    </li>
    
  
    <li
      class="ecl-file-upload__item ecl-u-d-flex ecl-u-flex-row ecl-u-justify-content-end ecl-u-mt-none"
    >
      
    
      <div
        class="ecl-u-align-self-center"
      >
        
      
        <a
          aria-label="Delete all"
          class="ecl-link ecl-link--standalone ecl-link--icon ecl-link--icon-after"
          href="#"
        >
          <span
            class="ecl-link__label"
          >
            Delete all
          </span>
          <svg
            aria-hidden="true"
            class="ecl-icon ecl-icon--xs ecl-link__icon"
            focusable="false"
          >
            <use
              xlink:href="#trash"
            />
          </svg>
        </a>
            
      </div>
      
  
    </li>
    

  </ul>
</jest>
`;

exports[`File upload status renders correctly without languages status 1`] = `
<jest>
  <ul
    class="ecl-file-upload__list"
    data-ecl-file-upload-list=""
  >
    
  
    <li
      class="ecl-file-upload__item ecl-u-d-flex ecl-u-flex-row ecl-u-justify-content-end ecl-u-mt-none"
    >
      
    
      <div
        class="ecl-u-flex-grow-1 ecl-u-pr-m"
      >
        
      
        <span
          class="ecl-file-upload__item-name"
        >
          File_3.jpg
        </span>
        
      
        <span
          class="ecl-file-upload__item-meta"
        >
          (58.6 kB - jpg)
        </span>
        
    
      </div>
      
    
      <div
        class="ecl-u-align-self-center"
      >
        
      
        <div
          class="ecl-u-d-flex ecl-u-align-self-center"
        >
          
        
          <span
            class="ecl-u-type-color-grey-75"
          >
            Uploading...
          </span>
          
        
          <div
            class="ecl-spinner ecl-spinner--primary ecl-spinner--small ecl-spinner--visible"
          >
            <svg
              class="ecl-spinner__loader"
              viewBox="25 25 50 50"
            >
              <circle
                class="ecl-spinner__circle"
                cx="50"
                cy="50"
                fill="none"
                r="20"
                stroke-miterlimit="10"
                stroke-width="4px"
                vector-effect="non-scaling-stroke"
              />
            </svg>
          </div>
                
        </div>
        
    
      </div>
      
  
    </li>
    
  
    <li
      class="ecl-file-upload__item ecl-u-d-flex ecl-u-flex-row ecl-u-justify-content-end ecl-u-mt-none"
    >
      
    
      <div
        class="ecl-u-flex-grow-1 ecl-u-pr-m"
      >
        
      
        <span
          class="ecl-file-upload__item-name ecl-u-type-color-error"
        >
          File_2.pdf
        </span>
        
      
        <span
          class="ecl-file-upload__item-meta"
        >
          (65 kB - pdf)
        </span>
        
      
        <span
          class="ecl-file-upload__item-meta ecl-u-type-color-error"
        >
          Error text
        </span>
        
    
      </div>
      
    
      <div
        class="ecl-u-align-self-center"
      >
        
      
        <a
          aria-label="Delete"
          class="ecl-link ecl-link--standalone ecl-link--icon ecl-link--icon-after"
          href="#"
        >
          <span
            class="ecl-link__label"
          >
            Delete
          </span>
          <svg
            aria-hidden="true"
            class="ecl-icon ecl-icon--xs ecl-link__icon"
            focusable="false"
          >
            <use
              xlink:href="#trash"
            />
          </svg>
        </a>
            
      </div>
      
  
    </li>
    
  
    <li
      class="ecl-file-upload__item ecl-u-d-flex ecl-u-flex-row ecl-u-justify-content-end ecl-u-mt-none"
    >
      
    
      <div
        class="ecl-u-flex-grow-1 ecl-u-pr-m"
      >
        
      
        <span
          class="ecl-file-upload__item-name"
        >
          File_1.docx
        </span>
        
      
        <span
          class="ecl-file-upload__item-meta"
        >
          (44.7 kB - docx)
        </span>
        
    
      </div>
      
    
      <div
        class="ecl-u-align-self-center"
      >
        
      
        <a
          aria-label="Delete"
          class="ecl-link ecl-link--standalone ecl-link--icon ecl-link--icon-after"
          href="#"
        >
          <span
            class="ecl-link__label"
          >
            Delete
          </span>
          <svg
            aria-hidden="true"
            class="ecl-icon ecl-icon--xs ecl-link__icon"
            focusable="false"
          >
            <use
              xlink:href="#trash"
            />
          </svg>
        </a>
            
      </div>
      
  
    </li>
    
  
    <li
      class="ecl-file-upload__item ecl-u-d-flex ecl-u-flex-row ecl-u-justify-content-end ecl-u-mt-none"
    >
      
    
      <div
        class="ecl-u-align-self-center"
      >
        
      
        <a
          aria-label="Delete all"
          class="ecl-link ecl-link--standalone ecl-link--icon ecl-link--icon-after"
          href="#"
        >
          <span
            class="ecl-link__label"
          >
            Delete all
          </span>
          <svg
            aria-hidden="true"
            class="ecl-icon ecl-icon--xs ecl-link__icon"
            focusable="false"
          >
            <use
              xlink:href="#trash"
            />
          </svg>
        </a>
            
      </div>
      
  
    </li>
    

  </ul>
</jest>
`;
