// Jest Snapshot v1, https://goo.gl/fbAQLP

exports[`Page Header Harmonised Meta-title - renders correctly 1`] = `
<jest>
  <div
    class="ecl-page-header-harmonised"
  >
    <div
      class="ecl-container"
    >
      <nav
        aria-label="You are here:"
        class="ecl-breadcrumb-harmonised ecl-page-header-harmonised__breadcrumb"
        data-ecl-auto-init="BreadcrumbHarmonised"
        data-ecl-breadcrumb-harmonised="true"
      >
        <ol
          class="ecl-breadcrumb-harmonised__container"
        >
          <li
            class="ecl-breadcrumb-harmonised__segment"
            data-ecl-breadcrumb-harmonised-item="static"
          >
            <a
              class="ecl-link ecl-link--standalone ecl-link--no-visited ecl-breadcrumb-harmonised__link"
              href="/example"
            >
              Home
            </a>
            <svg
              aria-hidden="true"
              class="ecl-icon ecl-icon--2xs ecl-icon--rotate-90 ecl-breadcrumb-harmonised__icon"
              focusable="false"
              role="presentation"
            >
              <use
                xlink:href="/icons.svg#corner-arrow"
              />
            </svg>
          </li>
          <li
            class="ecl-breadcrumb-harmonised__segment ecl-breadcrumb-harmonised__segment--ellipsis"
            data-ecl-breadcrumb-harmonised-ellipsis=""
          >
            <button
              aria-label="Click to expand"
              class="ecl-button ecl-button--ghost ecl-breadcrumb-harmonised__ellipsis"
              data-ecl-breadcrumb-harmonised-ellipsis-button=""
              type="button"
            >
              …
            </button>
            <svg
              aria-hidden="true"
              class="ecl-icon ecl-icon--2xs ecl-icon--rotate-90 ecl-breadcrumb-harmonised__icon"
              focusable="false"
              role="presentation"
            >
              <use
                xlink:href="/icons.svg#corner-arrow"
              />
            </svg>
          </li>
          <li
            class="ecl-breadcrumb-harmonised__segment"
            data-ecl-breadcrumb-harmonised-item="expandable"
          >
            <a
              class="ecl-link ecl-link--standalone ecl-link--no-visited ecl-breadcrumb-harmonised__link"
              href="/example"
            >
              About the European Commission
            </a>
            <svg
              aria-hidden="true"
              class="ecl-icon ecl-icon--2xs ecl-icon--rotate-90 ecl-breadcrumb-harmonised__icon"
              focusable="false"
              role="presentation"
            >
              <use
                xlink:href="/icons.svg#corner-arrow"
              />
            </svg>
          </li>
          <li
            class="ecl-breadcrumb-harmonised__segment"
            data-ecl-breadcrumb-harmonised-item="expandable"
          >
            <a
              class="ecl-link ecl-link--standalone ecl-link--no-visited ecl-breadcrumb-harmonised__link"
              href="/example"
            >
              Organisational structure
            </a>
            <svg
              aria-hidden="true"
              class="ecl-icon ecl-icon--2xs ecl-icon--rotate-90 ecl-breadcrumb-harmonised__icon"
              focusable="false"
              role="presentation"
            >
              <use
                xlink:href="/icons.svg#corner-arrow"
              />
            </svg>
          </li>
          <li
            class="ecl-breadcrumb-harmonised__segment"
            data-ecl-breadcrumb-harmonised-item="static"
          >
            <a
              class="ecl-link ecl-link--standalone ecl-link--no-visited ecl-breadcrumb-harmonised__link"
              href="/example"
            >
              How the Commission is organised
            </a>
            <svg
              aria-hidden="true"
              class="ecl-icon ecl-icon--2xs ecl-icon--rotate-90 ecl-breadcrumb-harmonised__icon"
              focusable="false"
              role="presentation"
            >
              <use
                xlink:href="/icons.svg#corner-arrow"
              />
            </svg>
          </li>
          <li
            aria-current="page"
            class="ecl-breadcrumb-harmonised__segment ecl-breadcrumb-harmonised__current-page"
            data-ecl-breadcrumb-harmonised-item="static"
          >
            News
          </li>
        </ol>
      </nav>
      <div
        class="ecl-page-header-harmonised__meta"
      >
        Meta info
      </div>
      <h1
        class="ecl-page-header-harmonised__title"
      >
        Page title
      </h1>
    </div>
  </div>
</jest>
`;

exports[`Page Header Harmonised Meta-title renders correctly with extra attributes 1`] = `
<jest>
  <div
    class="ecl-page-header-harmonised"
    data-test="data-test-value"
    data-test-1="data-test-value-1"
  >
    <div
      class="ecl-container"
    >
      <nav
        aria-label="You are here:"
        class="ecl-breadcrumb-harmonised ecl-page-header-harmonised__breadcrumb"
        data-ecl-auto-init="BreadcrumbHarmonised"
        data-ecl-breadcrumb-harmonised="true"
      >
        <ol
          class="ecl-breadcrumb-harmonised__container"
        >
          <li
            class="ecl-breadcrumb-harmonised__segment"
            data-ecl-breadcrumb-harmonised-item="static"
          >
            <a
              class="ecl-link ecl-link--standalone ecl-link--no-visited ecl-breadcrumb-harmonised__link"
              href="/example"
            >
              Home
            </a>
            <svg
              aria-hidden="true"
              class="ecl-icon ecl-icon--2xs ecl-icon--rotate-90 ecl-breadcrumb-harmonised__icon"
              focusable="false"
              role="presentation"
            >
              <use
                xlink:href="/icons.svg#corner-arrow"
              />
            </svg>
          </li>
          <li
            class="ecl-breadcrumb-harmonised__segment ecl-breadcrumb-harmonised__segment--ellipsis"
            data-ecl-breadcrumb-harmonised-ellipsis=""
          >
            <button
              aria-label="Click to expand"
              class="ecl-button ecl-button--ghost ecl-breadcrumb-harmonised__ellipsis"
              data-ecl-breadcrumb-harmonised-ellipsis-button=""
              type="button"
            >
              …
            </button>
            <svg
              aria-hidden="true"
              class="ecl-icon ecl-icon--2xs ecl-icon--rotate-90 ecl-breadcrumb-harmonised__icon"
              focusable="false"
              role="presentation"
            >
              <use
                xlink:href="/icons.svg#corner-arrow"
              />
            </svg>
          </li>
          <li
            class="ecl-breadcrumb-harmonised__segment"
            data-ecl-breadcrumb-harmonised-item="expandable"
          >
            <a
              class="ecl-link ecl-link--standalone ecl-link--no-visited ecl-breadcrumb-harmonised__link"
              href="/example"
            >
              About the European Commission
            </a>
            <svg
              aria-hidden="true"
              class="ecl-icon ecl-icon--2xs ecl-icon--rotate-90 ecl-breadcrumb-harmonised__icon"
              focusable="false"
              role="presentation"
            >
              <use
                xlink:href="/icons.svg#corner-arrow"
              />
            </svg>
          </li>
          <li
            class="ecl-breadcrumb-harmonised__segment"
            data-ecl-breadcrumb-harmonised-item="expandable"
          >
            <a
              class="ecl-link ecl-link--standalone ecl-link--no-visited ecl-breadcrumb-harmonised__link"
              href="/example"
            >
              Organisational structure
            </a>
            <svg
              aria-hidden="true"
              class="ecl-icon ecl-icon--2xs ecl-icon--rotate-90 ecl-breadcrumb-harmonised__icon"
              focusable="false"
              role="presentation"
            >
              <use
                xlink:href="/icons.svg#corner-arrow"
              />
            </svg>
          </li>
          <li
            class="ecl-breadcrumb-harmonised__segment"
            data-ecl-breadcrumb-harmonised-item="static"
          >
            <a
              class="ecl-link ecl-link--standalone ecl-link--no-visited ecl-breadcrumb-harmonised__link"
              href="/example"
            >
              How the Commission is organised
            </a>
            <svg
              aria-hidden="true"
              class="ecl-icon ecl-icon--2xs ecl-icon--rotate-90 ecl-breadcrumb-harmonised__icon"
              focusable="false"
              role="presentation"
            >
              <use
                xlink:href="/icons.svg#corner-arrow"
              />
            </svg>
          </li>
          <li
            aria-current="page"
            class="ecl-breadcrumb-harmonised__segment ecl-breadcrumb-harmonised__current-page"
            data-ecl-breadcrumb-harmonised-item="static"
          >
            News
          </li>
        </ol>
      </nav>
      <div
        class="ecl-page-header-harmonised__meta"
      >
        Meta info
      </div>
      <h1
        class="ecl-page-header-harmonised__title"
      >
        Page title
      </h1>
    </div>
  </div>
</jest>
`;

exports[`Page Header Harmonised Meta-title renders correctly with extra class names 1`] = `
<jest>
  <div
    class="ecl-page-header-harmonised custom-class custom-class--test"
  >
    <div
      class="ecl-container"
    >
      <nav
        aria-label="You are here:"
        class="ecl-breadcrumb-harmonised ecl-page-header-harmonised__breadcrumb"
        data-ecl-auto-init="BreadcrumbHarmonised"
        data-ecl-breadcrumb-harmonised="true"
      >
        <ol
          class="ecl-breadcrumb-harmonised__container"
        >
          <li
            class="ecl-breadcrumb-harmonised__segment"
            data-ecl-breadcrumb-harmonised-item="static"
          >
            <a
              class="ecl-link ecl-link--standalone ecl-link--no-visited ecl-breadcrumb-harmonised__link"
              href="/example"
            >
              Home
            </a>
            <svg
              aria-hidden="true"
              class="ecl-icon ecl-icon--2xs ecl-icon--rotate-90 ecl-breadcrumb-harmonised__icon"
              focusable="false"
              role="presentation"
            >
              <use
                xlink:href="/icons.svg#corner-arrow"
              />
            </svg>
          </li>
          <li
            class="ecl-breadcrumb-harmonised__segment ecl-breadcrumb-harmonised__segment--ellipsis"
            data-ecl-breadcrumb-harmonised-ellipsis=""
          >
            <button
              aria-label="Click to expand"
              class="ecl-button ecl-button--ghost ecl-breadcrumb-harmonised__ellipsis"
              data-ecl-breadcrumb-harmonised-ellipsis-button=""
              type="button"
            >
              …
            </button>
            <svg
              aria-hidden="true"
              class="ecl-icon ecl-icon--2xs ecl-icon--rotate-90 ecl-breadcrumb-harmonised__icon"
              focusable="false"
              role="presentation"
            >
              <use
                xlink:href="/icons.svg#corner-arrow"
              />
            </svg>
          </li>
          <li
            class="ecl-breadcrumb-harmonised__segment"
            data-ecl-breadcrumb-harmonised-item="expandable"
          >
            <a
              class="ecl-link ecl-link--standalone ecl-link--no-visited ecl-breadcrumb-harmonised__link"
              href="/example"
            >
              About the European Commission
            </a>
            <svg
              aria-hidden="true"
              class="ecl-icon ecl-icon--2xs ecl-icon--rotate-90 ecl-breadcrumb-harmonised__icon"
              focusable="false"
              role="presentation"
            >
              <use
                xlink:href="/icons.svg#corner-arrow"
              />
            </svg>
          </li>
          <li
            class="ecl-breadcrumb-harmonised__segment"
            data-ecl-breadcrumb-harmonised-item="expandable"
          >
            <a
              class="ecl-link ecl-link--standalone ecl-link--no-visited ecl-breadcrumb-harmonised__link"
              href="/example"
            >
              Organisational structure
            </a>
            <svg
              aria-hidden="true"
              class="ecl-icon ecl-icon--2xs ecl-icon--rotate-90 ecl-breadcrumb-harmonised__icon"
              focusable="false"
              role="presentation"
            >
              <use
                xlink:href="/icons.svg#corner-arrow"
              />
            </svg>
          </li>
          <li
            class="ecl-breadcrumb-harmonised__segment"
            data-ecl-breadcrumb-harmonised-item="static"
          >
            <a
              class="ecl-link ecl-link--standalone ecl-link--no-visited ecl-breadcrumb-harmonised__link"
              href="/example"
            >
              How the Commission is organised
            </a>
            <svg
              aria-hidden="true"
              class="ecl-icon ecl-icon--2xs ecl-icon--rotate-90 ecl-breadcrumb-harmonised__icon"
              focusable="false"
              role="presentation"
            >
              <use
                xlink:href="/icons.svg#corner-arrow"
              />
            </svg>
          </li>
          <li
            aria-current="page"
            class="ecl-breadcrumb-harmonised__segment ecl-breadcrumb-harmonised__current-page"
            data-ecl-breadcrumb-harmonised-item="static"
          >
            News
          </li>
        </ol>
      </nav>
      <div
        class="ecl-page-header-harmonised__meta"
      >
        Meta info
      </div>
      <h1
        class="ecl-page-header-harmonised__title"
      >
        Page title
      </h1>
    </div>
  </div>
</jest>
`;

exports[`Page Header Harmonised Meta-title-description - renders correctly 1`] = `
<jest>
  <div
    class="ecl-page-header-harmonised"
  >
    <div
      class="ecl-container"
    >
      <nav
        aria-label="You are here:"
        class="ecl-breadcrumb-harmonised ecl-page-header-harmonised__breadcrumb"
        data-ecl-auto-init="BreadcrumbHarmonised"
        data-ecl-breadcrumb-harmonised="true"
      >
        <ol
          class="ecl-breadcrumb-harmonised__container"
        >
          <li
            class="ecl-breadcrumb-harmonised__segment"
            data-ecl-breadcrumb-harmonised-item="static"
          >
            <a
              class="ecl-link ecl-link--standalone ecl-link--no-visited ecl-breadcrumb-harmonised__link"
              href="/example"
            >
              Home
            </a>
            <svg
              aria-hidden="true"
              class="ecl-icon ecl-icon--2xs ecl-icon--rotate-90 ecl-breadcrumb-harmonised__icon"
              focusable="false"
              role="presentation"
            >
              <use
                xlink:href="/icons.svg#corner-arrow"
              />
            </svg>
          </li>
          <li
            class="ecl-breadcrumb-harmonised__segment ecl-breadcrumb-harmonised__segment--ellipsis"
            data-ecl-breadcrumb-harmonised-ellipsis=""
          >
            <button
              aria-label="Click to expand"
              class="ecl-button ecl-button--ghost ecl-breadcrumb-harmonised__ellipsis"
              data-ecl-breadcrumb-harmonised-ellipsis-button=""
              type="button"
            >
              …
            </button>
            <svg
              aria-hidden="true"
              class="ecl-icon ecl-icon--2xs ecl-icon--rotate-90 ecl-breadcrumb-harmonised__icon"
              focusable="false"
              role="presentation"
            >
              <use
                xlink:href="/icons.svg#corner-arrow"
              />
            </svg>
          </li>
          <li
            class="ecl-breadcrumb-harmonised__segment"
            data-ecl-breadcrumb-harmonised-item="expandable"
          >
            <a
              class="ecl-link ecl-link--standalone ecl-link--no-visited ecl-breadcrumb-harmonised__link"
              href="/example"
            >
              About the European Commission
            </a>
            <svg
              aria-hidden="true"
              class="ecl-icon ecl-icon--2xs ecl-icon--rotate-90 ecl-breadcrumb-harmonised__icon"
              focusable="false"
              role="presentation"
            >
              <use
                xlink:href="/icons.svg#corner-arrow"
              />
            </svg>
          </li>
          <li
            class="ecl-breadcrumb-harmonised__segment"
            data-ecl-breadcrumb-harmonised-item="expandable"
          >
            <a
              class="ecl-link ecl-link--standalone ecl-link--no-visited ecl-breadcrumb-harmonised__link"
              href="/example"
            >
              Organisational structure
            </a>
            <svg
              aria-hidden="true"
              class="ecl-icon ecl-icon--2xs ecl-icon--rotate-90 ecl-breadcrumb-harmonised__icon"
              focusable="false"
              role="presentation"
            >
              <use
                xlink:href="/icons.svg#corner-arrow"
              />
            </svg>
          </li>
          <li
            class="ecl-breadcrumb-harmonised__segment"
            data-ecl-breadcrumb-harmonised-item="static"
          >
            <a
              class="ecl-link ecl-link--standalone ecl-link--no-visited ecl-breadcrumb-harmonised__link"
              href="/example"
            >
              How the Commission is organised
            </a>
            <svg
              aria-hidden="true"
              class="ecl-icon ecl-icon--2xs ecl-icon--rotate-90 ecl-breadcrumb-harmonised__icon"
              focusable="false"
              role="presentation"
            >
              <use
                xlink:href="/icons.svg#corner-arrow"
              />
            </svg>
          </li>
          <li
            aria-current="page"
            class="ecl-breadcrumb-harmonised__segment ecl-breadcrumb-harmonised__current-page"
            data-ecl-breadcrumb-harmonised-item="static"
          >
            News
          </li>
        </ol>
      </nav>
      <div
        class="ecl-page-header-harmonised__meta"
      >
        Meta info
      </div>
      <h1
        class="ecl-page-header-harmonised__title"
      >
        Page title
      </h1>
      <p
        class="ecl-page-header-harmonised__description"
      >
        Sed ut perspiciatis unde omnis iste natus error sit voluptatem accusantium doloremque laudantium
      </p>
    </div>
  </div>
</jest>
`;

exports[`Page Header Harmonised Meta-title-description renders correctly with extra attributes 1`] = `
<jest>
  <div
    class="ecl-page-header-harmonised"
    data-test="data-test-value"
    data-test-1="data-test-value-1"
  >
    <div
      class="ecl-container"
    >
      <nav
        aria-label="You are here:"
        class="ecl-breadcrumb-harmonised ecl-page-header-harmonised__breadcrumb"
        data-ecl-auto-init="BreadcrumbHarmonised"
        data-ecl-breadcrumb-harmonised="true"
      >
        <ol
          class="ecl-breadcrumb-harmonised__container"
        >
          <li
            class="ecl-breadcrumb-harmonised__segment"
            data-ecl-breadcrumb-harmonised-item="static"
          >
            <a
              class="ecl-link ecl-link--standalone ecl-link--no-visited ecl-breadcrumb-harmonised__link"
              href="/example"
            >
              Home
            </a>
            <svg
              aria-hidden="true"
              class="ecl-icon ecl-icon--2xs ecl-icon--rotate-90 ecl-breadcrumb-harmonised__icon"
              focusable="false"
              role="presentation"
            >
              <use
                xlink:href="/icons.svg#corner-arrow"
              />
            </svg>
          </li>
          <li
            class="ecl-breadcrumb-harmonised__segment ecl-breadcrumb-harmonised__segment--ellipsis"
            data-ecl-breadcrumb-harmonised-ellipsis=""
          >
            <button
              aria-label="Click to expand"
              class="ecl-button ecl-button--ghost ecl-breadcrumb-harmonised__ellipsis"
              data-ecl-breadcrumb-harmonised-ellipsis-button=""
              type="button"
            >
              …
            </button>
            <svg
              aria-hidden="true"
              class="ecl-icon ecl-icon--2xs ecl-icon--rotate-90 ecl-breadcrumb-harmonised__icon"
              focusable="false"
              role="presentation"
            >
              <use
                xlink:href="/icons.svg#corner-arrow"
              />
            </svg>
          </li>
          <li
            class="ecl-breadcrumb-harmonised__segment"
            data-ecl-breadcrumb-harmonised-item="expandable"
          >
            <a
              class="ecl-link ecl-link--standalone ecl-link--no-visited ecl-breadcrumb-harmonised__link"
              href="/example"
            >
              About the European Commission
            </a>
            <svg
              aria-hidden="true"
              class="ecl-icon ecl-icon--2xs ecl-icon--rotate-90 ecl-breadcrumb-harmonised__icon"
              focusable="false"
              role="presentation"
            >
              <use
                xlink:href="/icons.svg#corner-arrow"
              />
            </svg>
          </li>
          <li
            class="ecl-breadcrumb-harmonised__segment"
            data-ecl-breadcrumb-harmonised-item="expandable"
          >
            <a
              class="ecl-link ecl-link--standalone ecl-link--no-visited ecl-breadcrumb-harmonised__link"
              href="/example"
            >
              Organisational structure
            </a>
            <svg
              aria-hidden="true"
              class="ecl-icon ecl-icon--2xs ecl-icon--rotate-90 ecl-breadcrumb-harmonised__icon"
              focusable="false"
              role="presentation"
            >
              <use
                xlink:href="/icons.svg#corner-arrow"
              />
            </svg>
          </li>
          <li
            class="ecl-breadcrumb-harmonised__segment"
            data-ecl-breadcrumb-harmonised-item="static"
          >
            <a
              class="ecl-link ecl-link--standalone ecl-link--no-visited ecl-breadcrumb-harmonised__link"
              href="/example"
            >
              How the Commission is organised
            </a>
            <svg
              aria-hidden="true"
              class="ecl-icon ecl-icon--2xs ecl-icon--rotate-90 ecl-breadcrumb-harmonised__icon"
              focusable="false"
              role="presentation"
            >
              <use
                xlink:href="/icons.svg#corner-arrow"
              />
            </svg>
          </li>
          <li
            aria-current="page"
            class="ecl-breadcrumb-harmonised__segment ecl-breadcrumb-harmonised__current-page"
            data-ecl-breadcrumb-harmonised-item="static"
          >
            News
          </li>
        </ol>
      </nav>
      <div
        class="ecl-page-header-harmonised__meta"
      >
        Meta info
      </div>
      <h1
        class="ecl-page-header-harmonised__title"
      >
        Page title
      </h1>
      <p
        class="ecl-page-header-harmonised__description"
      >
        Sed ut perspiciatis unde omnis iste natus error sit voluptatem accusantium doloremque laudantium
      </p>
    </div>
  </div>
</jest>
`;

exports[`Page Header Harmonised Meta-title-description renders correctly with extra class names 1`] = `
<jest>
  <div
    class="ecl-page-header-harmonised custom-class custom-class--test"
  >
    <div
      class="ecl-container"
    >
      <nav
        aria-label="You are here:"
        class="ecl-breadcrumb-harmonised ecl-page-header-harmonised__breadcrumb"
        data-ecl-auto-init="BreadcrumbHarmonised"
        data-ecl-breadcrumb-harmonised="true"
      >
        <ol
          class="ecl-breadcrumb-harmonised__container"
        >
          <li
            class="ecl-breadcrumb-harmonised__segment"
            data-ecl-breadcrumb-harmonised-item="static"
          >
            <a
              class="ecl-link ecl-link--standalone ecl-link--no-visited ecl-breadcrumb-harmonised__link"
              href="/example"
            >
              Home
            </a>
            <svg
              aria-hidden="true"
              class="ecl-icon ecl-icon--2xs ecl-icon--rotate-90 ecl-breadcrumb-harmonised__icon"
              focusable="false"
              role="presentation"
            >
              <use
                xlink:href="/icons.svg#corner-arrow"
              />
            </svg>
          </li>
          <li
            class="ecl-breadcrumb-harmonised__segment ecl-breadcrumb-harmonised__segment--ellipsis"
            data-ecl-breadcrumb-harmonised-ellipsis=""
          >
            <button
              aria-label="Click to expand"
              class="ecl-button ecl-button--ghost ecl-breadcrumb-harmonised__ellipsis"
              data-ecl-breadcrumb-harmonised-ellipsis-button=""
              type="button"
            >
              …
            </button>
            <svg
              aria-hidden="true"
              class="ecl-icon ecl-icon--2xs ecl-icon--rotate-90 ecl-breadcrumb-harmonised__icon"
              focusable="false"
              role="presentation"
            >
              <use
                xlink:href="/icons.svg#corner-arrow"
              />
            </svg>
          </li>
          <li
            class="ecl-breadcrumb-harmonised__segment"
            data-ecl-breadcrumb-harmonised-item="expandable"
          >
            <a
              class="ecl-link ecl-link--standalone ecl-link--no-visited ecl-breadcrumb-harmonised__link"
              href="/example"
            >
              About the European Commission
            </a>
            <svg
              aria-hidden="true"
              class="ecl-icon ecl-icon--2xs ecl-icon--rotate-90 ecl-breadcrumb-harmonised__icon"
              focusable="false"
              role="presentation"
            >
              <use
                xlink:href="/icons.svg#corner-arrow"
              />
            </svg>
          </li>
          <li
            class="ecl-breadcrumb-harmonised__segment"
            data-ecl-breadcrumb-harmonised-item="expandable"
          >
            <a
              class="ecl-link ecl-link--standalone ecl-link--no-visited ecl-breadcrumb-harmonised__link"
              href="/example"
            >
              Organisational structure
            </a>
            <svg
              aria-hidden="true"
              class="ecl-icon ecl-icon--2xs ecl-icon--rotate-90 ecl-breadcrumb-harmonised__icon"
              focusable="false"
              role="presentation"
            >
              <use
                xlink:href="/icons.svg#corner-arrow"
              />
            </svg>
          </li>
          <li
            class="ecl-breadcrumb-harmonised__segment"
            data-ecl-breadcrumb-harmonised-item="static"
          >
            <a
              class="ecl-link ecl-link--standalone ecl-link--no-visited ecl-breadcrumb-harmonised__link"
              href="/example"
            >
              How the Commission is organised
            </a>
            <svg
              aria-hidden="true"
              class="ecl-icon ecl-icon--2xs ecl-icon--rotate-90 ecl-breadcrumb-harmonised__icon"
              focusable="false"
              role="presentation"
            >
              <use
                xlink:href="/icons.svg#corner-arrow"
              />
            </svg>
          </li>
          <li
            aria-current="page"
            class="ecl-breadcrumb-harmonised__segment ecl-breadcrumb-harmonised__current-page"
            data-ecl-breadcrumb-harmonised-item="static"
          >
            News
          </li>
        </ol>
      </nav>
      <div
        class="ecl-page-header-harmonised__meta"
      >
        Meta info
      </div>
      <h1
        class="ecl-page-header-harmonised__title"
      >
        Page title
      </h1>
      <p
        class="ecl-page-header-harmonised__description"
      >
        Sed ut perspiciatis unde omnis iste natus error sit voluptatem accusantium doloremque laudantium
      </p>
    </div>
  </div>
</jest>
`;

exports[`Page Header Harmonised Title - renders correctly 1`] = `
<jest>
  <div
    class="ecl-page-header-harmonised"
  >
    <div
      class="ecl-container"
    >
      <nav
        aria-label="You are here:"
        class="ecl-breadcrumb-harmonised ecl-page-header-harmonised__breadcrumb"
        data-ecl-auto-init="BreadcrumbHarmonised"
        data-ecl-breadcrumb-harmonised="true"
      >
        <ol
          class="ecl-breadcrumb-harmonised__container"
        >
          <li
            class="ecl-breadcrumb-harmonised__segment"
            data-ecl-breadcrumb-harmonised-item="static"
          >
            <a
              class="ecl-link ecl-link--standalone ecl-link--no-visited ecl-breadcrumb-harmonised__link"
              href="/example"
            >
              Home
            </a>
            <svg
              aria-hidden="true"
              class="ecl-icon ecl-icon--2xs ecl-icon--rotate-90 ecl-breadcrumb-harmonised__icon"
              focusable="false"
              role="presentation"
            >
              <use
                xlink:href="/icons.svg#corner-arrow"
              />
            </svg>
          </li>
          <li
            class="ecl-breadcrumb-harmonised__segment ecl-breadcrumb-harmonised__segment--ellipsis"
            data-ecl-breadcrumb-harmonised-ellipsis=""
          >
            <button
              aria-label="Click to expand"
              class="ecl-button ecl-button--ghost ecl-breadcrumb-harmonised__ellipsis"
              data-ecl-breadcrumb-harmonised-ellipsis-button=""
              type="button"
            >
              …
            </button>
            <svg
              aria-hidden="true"
              class="ecl-icon ecl-icon--2xs ecl-icon--rotate-90 ecl-breadcrumb-harmonised__icon"
              focusable="false"
              role="presentation"
            >
              <use
                xlink:href="/icons.svg#corner-arrow"
              />
            </svg>
          </li>
          <li
            class="ecl-breadcrumb-harmonised__segment"
            data-ecl-breadcrumb-harmonised-item="expandable"
          >
            <a
              class="ecl-link ecl-link--standalone ecl-link--no-visited ecl-breadcrumb-harmonised__link"
              href="/example"
            >
              About the European Commission
            </a>
            <svg
              aria-hidden="true"
              class="ecl-icon ecl-icon--2xs ecl-icon--rotate-90 ecl-breadcrumb-harmonised__icon"
              focusable="false"
              role="presentation"
            >
              <use
                xlink:href="/icons.svg#corner-arrow"
              />
            </svg>
          </li>
          <li
            class="ecl-breadcrumb-harmonised__segment"
            data-ecl-breadcrumb-harmonised-item="expandable"
          >
            <a
              class="ecl-link ecl-link--standalone ecl-link--no-visited ecl-breadcrumb-harmonised__link"
              href="/example"
            >
              Organisational structure
            </a>
            <svg
              aria-hidden="true"
              class="ecl-icon ecl-icon--2xs ecl-icon--rotate-90 ecl-breadcrumb-harmonised__icon"
              focusable="false"
              role="presentation"
            >
              <use
                xlink:href="/icons.svg#corner-arrow"
              />
            </svg>
          </li>
          <li
            class="ecl-breadcrumb-harmonised__segment"
            data-ecl-breadcrumb-harmonised-item="static"
          >
            <a
              class="ecl-link ecl-link--standalone ecl-link--no-visited ecl-breadcrumb-harmonised__link"
              href="/example"
            >
              How the Commission is organised
            </a>
            <svg
              aria-hidden="true"
              class="ecl-icon ecl-icon--2xs ecl-icon--rotate-90 ecl-breadcrumb-harmonised__icon"
              focusable="false"
              role="presentation"
            >
              <use
                xlink:href="/icons.svg#corner-arrow"
              />
            </svg>
          </li>
          <li
            aria-current="page"
            class="ecl-breadcrumb-harmonised__segment ecl-breadcrumb-harmonised__current-page"
            data-ecl-breadcrumb-harmonised-item="static"
          >
            News
          </li>
        </ol>
      </nav>
      <h1
        class="ecl-page-header-harmonised__title"
      >
        Page title
      </h1>
    </div>
  </div>
</jest>
`;

exports[`Page Header Harmonised Title renders correctly with extra attributes 1`] = `
<jest>
  <div
    class="ecl-page-header-harmonised"
    data-test="data-test-value"
    data-test-1="data-test-value-1"
  >
    <div
      class="ecl-container"
    >
      <nav
        aria-label="You are here:"
        class="ecl-breadcrumb-harmonised ecl-page-header-harmonised__breadcrumb"
        data-ecl-auto-init="BreadcrumbHarmonised"
        data-ecl-breadcrumb-harmonised="true"
      >
        <ol
          class="ecl-breadcrumb-harmonised__container"
        >
          <li
            class="ecl-breadcrumb-harmonised__segment"
            data-ecl-breadcrumb-harmonised-item="static"
          >
            <a
              class="ecl-link ecl-link--standalone ecl-link--no-visited ecl-breadcrumb-harmonised__link"
              href="/example"
            >
              Home
            </a>
            <svg
              aria-hidden="true"
              class="ecl-icon ecl-icon--2xs ecl-icon--rotate-90 ecl-breadcrumb-harmonised__icon"
              focusable="false"
              role="presentation"
            >
              <use
                xlink:href="/icons.svg#corner-arrow"
              />
            </svg>
          </li>
          <li
            class="ecl-breadcrumb-harmonised__segment ecl-breadcrumb-harmonised__segment--ellipsis"
            data-ecl-breadcrumb-harmonised-ellipsis=""
          >
            <button
              aria-label="Click to expand"
              class="ecl-button ecl-button--ghost ecl-breadcrumb-harmonised__ellipsis"
              data-ecl-breadcrumb-harmonised-ellipsis-button=""
              type="button"
            >
              …
            </button>
            <svg
              aria-hidden="true"
              class="ecl-icon ecl-icon--2xs ecl-icon--rotate-90 ecl-breadcrumb-harmonised__icon"
              focusable="false"
              role="presentation"
            >
              <use
                xlink:href="/icons.svg#corner-arrow"
              />
            </svg>
          </li>
          <li
            class="ecl-breadcrumb-harmonised__segment"
            data-ecl-breadcrumb-harmonised-item="expandable"
          >
            <a
              class="ecl-link ecl-link--standalone ecl-link--no-visited ecl-breadcrumb-harmonised__link"
              href="/example"
            >
              About the European Commission
            </a>
            <svg
              aria-hidden="true"
              class="ecl-icon ecl-icon--2xs ecl-icon--rotate-90 ecl-breadcrumb-harmonised__icon"
              focusable="false"
              role="presentation"
            >
              <use
                xlink:href="/icons.svg#corner-arrow"
              />
            </svg>
          </li>
          <li
            class="ecl-breadcrumb-harmonised__segment"
            data-ecl-breadcrumb-harmonised-item="expandable"
          >
            <a
              class="ecl-link ecl-link--standalone ecl-link--no-visited ecl-breadcrumb-harmonised__link"
              href="/example"
            >
              Organisational structure
            </a>
            <svg
              aria-hidden="true"
              class="ecl-icon ecl-icon--2xs ecl-icon--rotate-90 ecl-breadcrumb-harmonised__icon"
              focusable="false"
              role="presentation"
            >
              <use
                xlink:href="/icons.svg#corner-arrow"
              />
            </svg>
          </li>
          <li
            class="ecl-breadcrumb-harmonised__segment"
            data-ecl-breadcrumb-harmonised-item="static"
          >
            <a
              class="ecl-link ecl-link--standalone ecl-link--no-visited ecl-breadcrumb-harmonised__link"
              href="/example"
            >
              How the Commission is organised
            </a>
            <svg
              aria-hidden="true"
              class="ecl-icon ecl-icon--2xs ecl-icon--rotate-90 ecl-breadcrumb-harmonised__icon"
              focusable="false"
              role="presentation"
            >
              <use
                xlink:href="/icons.svg#corner-arrow"
              />
            </svg>
          </li>
          <li
            aria-current="page"
            class="ecl-breadcrumb-harmonised__segment ecl-breadcrumb-harmonised__current-page"
            data-ecl-breadcrumb-harmonised-item="static"
          >
            News
          </li>
        </ol>
      </nav>
      <h1
        class="ecl-page-header-harmonised__title"
      >
        Page title
      </h1>
    </div>
  </div>
</jest>
`;

exports[`Page Header Harmonised Title renders correctly with extra class names 1`] = `
<jest>
  <div
    class="ecl-page-header-harmonised custom-class custom-class--test"
  >
    <div
      class="ecl-container"
    >
      <nav
        aria-label="You are here:"
        class="ecl-breadcrumb-harmonised ecl-page-header-harmonised__breadcrumb"
        data-ecl-auto-init="BreadcrumbHarmonised"
        data-ecl-breadcrumb-harmonised="true"
      >
        <ol
          class="ecl-breadcrumb-harmonised__container"
        >
          <li
            class="ecl-breadcrumb-harmonised__segment"
            data-ecl-breadcrumb-harmonised-item="static"
          >
            <a
              class="ecl-link ecl-link--standalone ecl-link--no-visited ecl-breadcrumb-harmonised__link"
              href="/example"
            >
              Home
            </a>
            <svg
              aria-hidden="true"
              class="ecl-icon ecl-icon--2xs ecl-icon--rotate-90 ecl-breadcrumb-harmonised__icon"
              focusable="false"
              role="presentation"
            >
              <use
                xlink:href="/icons.svg#corner-arrow"
              />
            </svg>
          </li>
          <li
            class="ecl-breadcrumb-harmonised__segment ecl-breadcrumb-harmonised__segment--ellipsis"
            data-ecl-breadcrumb-harmonised-ellipsis=""
          >
            <button
              aria-label="Click to expand"
              class="ecl-button ecl-button--ghost ecl-breadcrumb-harmonised__ellipsis"
              data-ecl-breadcrumb-harmonised-ellipsis-button=""
              type="button"
            >
              …
            </button>
            <svg
              aria-hidden="true"
              class="ecl-icon ecl-icon--2xs ecl-icon--rotate-90 ecl-breadcrumb-harmonised__icon"
              focusable="false"
              role="presentation"
            >
              <use
                xlink:href="/icons.svg#corner-arrow"
              />
            </svg>
          </li>
          <li
            class="ecl-breadcrumb-harmonised__segment"
            data-ecl-breadcrumb-harmonised-item="expandable"
          >
            <a
              class="ecl-link ecl-link--standalone ecl-link--no-visited ecl-breadcrumb-harmonised__link"
              href="/example"
            >
              About the European Commission
            </a>
            <svg
              aria-hidden="true"
              class="ecl-icon ecl-icon--2xs ecl-icon--rotate-90 ecl-breadcrumb-harmonised__icon"
              focusable="false"
              role="presentation"
            >
              <use
                xlink:href="/icons.svg#corner-arrow"
              />
            </svg>
          </li>
          <li
            class="ecl-breadcrumb-harmonised__segment"
            data-ecl-breadcrumb-harmonised-item="expandable"
          >
            <a
              class="ecl-link ecl-link--standalone ecl-link--no-visited ecl-breadcrumb-harmonised__link"
              href="/example"
            >
              Organisational structure
            </a>
            <svg
              aria-hidden="true"
              class="ecl-icon ecl-icon--2xs ecl-icon--rotate-90 ecl-breadcrumb-harmonised__icon"
              focusable="false"
              role="presentation"
            >
              <use
                xlink:href="/icons.svg#corner-arrow"
              />
            </svg>
          </li>
          <li
            class="ecl-breadcrumb-harmonised__segment"
            data-ecl-breadcrumb-harmonised-item="static"
          >
            <a
              class="ecl-link ecl-link--standalone ecl-link--no-visited ecl-breadcrumb-harmonised__link"
              href="/example"
            >
              How the Commission is organised
            </a>
            <svg
              aria-hidden="true"
              class="ecl-icon ecl-icon--2xs ecl-icon--rotate-90 ecl-breadcrumb-harmonised__icon"
              focusable="false"
              role="presentation"
            >
              <use
                xlink:href="/icons.svg#corner-arrow"
              />
            </svg>
          </li>
          <li
            aria-current="page"
            class="ecl-breadcrumb-harmonised__segment ecl-breadcrumb-harmonised__current-page"
            data-ecl-breadcrumb-harmonised-item="static"
          >
            News
          </li>
        </ol>
      </nav>
      <h1
        class="ecl-page-header-harmonised__title"
      >
        Page title
      </h1>
    </div>
  </div>
</jest>
`;
